
> gst-tennis-academy@0.1.0 build
> next build

Ôû▓ Next.js 16.1.1 (Turbopack)
- Environments: .env.local

  Creating an optimized production build ...
Ô£ô Compiled successfully in 6.8s
  Running TypeScript ...
node.exe : Failed to compile.
In riga:1 car:1
+ & "C:\Program Files\nodejs/node.exe" "C:\Program Files\nodejs/node_mo ...
+ ~~~~~~~~~~~~~~~~~~~~~~~~~~~~~~~~~~~~~~~~~~~~~~~~~~~~~~~~~~~~~~~~~~~~~
    + CategoryInfo          : NotSpecified: (Failed to compile.:String) [], 
RemoteException
    + FullyQualifiedErrorId : NativeCommandError
 

./src/app/api/bookings/route.ts:110:25
Type error: Property 'response' does not exist on type 'AuthErrorResponse | 
AuthSuccessResponse'.
  Property 'response' does not exist on type 'AuthSuccessResponse'.

[0m [90m 108 |[39m     [36mconst[39m authResult [33m=[39m 
[36mawait[39m verifyAuth(req)[33m;[39m
 [90m 109 |[39m     [36mif[39m 
([33m![39mauthResult[33m.[39msuccess) {
[31m[1m>[22m[39m[90m 110 |[39m       [36mreturn[39m 
authResult[33m.[39mresponse[33m;[39m
 [90m     |[39m                         [31m[1m^[22m[39m
 [90m 111 |[39m     }
 [90m 112 |[39m
 [90m 113 |[39m     [36mconst[39m { user[33m,[39m profile } 
[33m=[39m authResult[33m.[39mdata[33m;[39m[0m
Next.js build worker exited with code: 1 and signal: null
